// Jest Snapshot v1, https://goo.gl/fbAQLP

exports[`Create group tests should match the snapshot 1`] = `
ShallowWrapper {
  "length": 1,
  Symbol(enzyme.__root__): [Circular],
  Symbol(enzyme.__unrendered__): <CreateGroup
    user={Object {}}
/>,
  Symbol(enzyme.__renderer__): Object {
    "batchedUpdates": [Function],
    "getNode": [Function],
    "render": [Function],
    "simulateEvent": [Function],
    "unmount": [Function],
  },
  Symbol(enzyme.__node__): Object {
    "instance": null,
    "key": undefined,
    "nodeType": "host",
    "props": Object {
      "children": Array [
        <div
          className="create-group-heading"
>
          <h4>
                    CREATE A GROUP
          </h4>
</div>,
        <form>
          <div
                    className="create-top"
          >
                    <h5>
                              Let's give your group a name!
                    </h5>
                    <input
                              className="group-name-input"
                              name="groupName"
                              onChange={[Function]}
                              placeholder="group name"
                              value=""
                    />
          </div>
          <h5>
                    With SNAP NINJA, your group members get a bucket of snaps each week to give away to deserving teammates.
          </h5>
          <div
                    className="create-bottom"
          >
                    <h5>
                              How many snaps will your group members be able to give away?
                              <span
                                        className="join-span"
                              >
                                        (Between 1 - 500)
                              </span>
                    </h5>
                    <input
                              className="points-input"
                              name="weeklyPoints"
                              onChange={[Function]}
                              placeholder="QTY"
                              value=""
                    />
          </div>
          <div
                    className="success-message"
          />
          <button
                    onClick={[Function]}
          >
                    CREATE
          </button>
</form>,
      ],
      "className": "create-group-component",
    },
    "ref": null,
    "rendered": Array [
      Object {
        "instance": null,
        "key": undefined,
        "nodeType": "host",
        "props": Object {
          "children": <h4>
            CREATE A GROUP
</h4>,
          "className": "create-group-heading",
        },
        "ref": null,
        "rendered": Object {
          "instance": null,
          "key": undefined,
          "nodeType": "host",
          "props": Object {
            "children": "CREATE A GROUP",
          },
          "ref": null,
          "rendered": "CREATE A GROUP",
          "type": "h4",
        },
        "type": "div",
      },
      Object {
        "instance": null,
        "key": undefined,
        "nodeType": "host",
        "props": Object {
          "children": Array [
            <div
              className="create-top"
>
              <h5>
                            Let's give your group a name!
              </h5>
              <input
                            className="group-name-input"
                            name="groupName"
                            onChange={[Function]}
                            placeholder="group name"
                            value=""
              />
</div>,
            <h5>
              With SNAP NINJA, your group members get a bucket of snaps each week to give away to deserving teammates.
</h5>,
            <div
              className="create-bottom"
>
              <h5>
                            How many snaps will your group members be able to give away?
                            <span
                                          className="join-span"
                            >
                                          (Between 1 - 500)
                            </span>
              </h5>
              <input
                            className="points-input"
                            name="weeklyPoints"
                            onChange={[Function]}
                            placeholder="QTY"
                            value=""
              />
</div>,
            <div
              className="success-message"
/>,
            <button
              onClick={[Function]}
>
              CREATE
</button>,
          ],
        },
        "ref": null,
        "rendered": Array [
          Object {
            "instance": null,
            "key": undefined,
            "nodeType": "host",
            "props": Object {
              "children": Array [
                <h5>
                  Let's give your group a name!
</h5>,
                <input
                  className="group-name-input"
                  name="groupName"
                  onChange={[Function]}
                  placeholder="group name"
                  value=""
/>,
              ],
              "className": "create-top",
            },
            "ref": null,
            "rendered": Array [
              Object {
                "instance": null,
                "key": undefined,
                "nodeType": "host",
                "props": Object {
                  "children": "Let's give your group a name!",
                },
                "ref": null,
                "rendered": "Let's give your group a name!",
                "type": "h5",
              },
              Object {
                "instance": null,
                "key": undefined,
                "nodeType": "host",
                "props": Object {
                  "className": "group-name-input",
                  "name": "groupName",
                  "onChange": [Function],
                  "placeholder": "group name",
                  "value": "",
                },
                "ref": null,
                "rendered": null,
                "type": "input",
              },
            ],
            "type": "div",
          },
          Object {
            "instance": null,
            "key": undefined,
            "nodeType": "host",
            "props": Object {
              "children": "With SNAP NINJA, your group members get a bucket of snaps each week to give away to deserving teammates.",
            },
            "ref": null,
            "rendered": "With SNAP NINJA, your group members get a bucket of snaps each week to give away to deserving teammates.",
            "type": "h5",
          },
          Object {
            "instance": null,
            "key": undefined,
            "nodeType": "host",
            "props": Object {
              "children": Array [
                <h5>
                  How many snaps will your group members be able to give away?
                  <span
                                    className="join-span"
                  >
                                    (Between 1 - 500)
                  </span>
</h5>,
                <input
                  className="points-input"
                  name="weeklyPoints"
                  onChange={[Function]}
                  placeholder="QTY"
                  value=""
/>,
              ],
              "className": "create-bottom",
            },
            "ref": null,
            "rendered": Array [
              Object {
                "instance": null,
                "key": undefined,
                "nodeType": "host",
                "props": Object {
                  "children": Array [
                    "How many snaps will your group members be able to give away?",
                    <span
                      className="join-span"
>
                      (Between 1 - 500)
</span>,
                  ],
                },
                "ref": null,
                "rendered": Array [
                  "How many snaps will your group members be able to give away?",
                  Object {
                    "instance": null,
                    "key": undefined,
                    "nodeType": "host",
                    "props": Object {
                      "children": "(Between 1 - 500)",
                      "className": "join-span",
                    },
                    "ref": null,
                    "rendered": "(Between 1 - 500)",
                    "type": "span",
                  },
                ],
                "type": "h5",
              },
              Object {
                "instance": null,
                "key": undefined,
                "nodeType": "host",
                "props": Object {
                  "className": "points-input",
                  "name": "weeklyPoints",
                  "onChange": [Function],
                  "placeholder": "QTY",
                  "value": "",
                },
                "ref": null,
                "rendered": null,
                "type": "input",
              },
            ],
            "type": "div",
          },
          Object {
            "instance": null,
            "key": undefined,
            "nodeType": "host",
            "props": Object {
              "children": "",
              "className": "success-message",
            },
            "ref": null,
            "rendered": "",
            "type": "div",
          },
          Object {
            "instance": null,
            "key": undefined,
            "nodeType": "host",
            "props": Object {
              "children": "CREATE",
              "onClick": [Function],
            },
            "ref": null,
            "rendered": "CREATE",
            "type": "button",
          },
        ],
        "type": "form",
      },
    ],
    "type": "div",
  },
  Symbol(enzyme.__nodes__): Array [
    Object {
      "instance": null,
      "key": undefined,
      "nodeType": "host",
      "props": Object {
        "children": Array [
          <div
            className="create-group-heading"
>
            <h4>
                        CREATE A GROUP
            </h4>
</div>,
          <form>
            <div
                        className="create-top"
            >
                        <h5>
                                    Let's give your group a name!
                        </h5>
                        <input
                                    className="group-name-input"
                                    name="groupName"
                                    onChange={[Function]}
                                    placeholder="group name"
                                    value=""
                        />
            </div>
            <h5>
                        With SNAP NINJA, your group members get a bucket of snaps each week to give away to deserving teammates.
            </h5>
            <div
                        className="create-bottom"
            >
                        <h5>
                                    How many snaps will your group members be able to give away?
                                    <span
                                                className="join-span"
                                    >
                                                (Between 1 - 500)
                                    </span>
                        </h5>
                        <input
                                    className="points-input"
                                    name="weeklyPoints"
                                    onChange={[Function]}
                                    placeholder="QTY"
                                    value=""
                        />
            </div>
            <div
                        className="success-message"
            />
            <button
                        onClick={[Function]}
            >
                        CREATE
            </button>
</form>,
        ],
        "className": "create-group-component",
      },
      "ref": null,
      "rendered": Array [
        Object {
          "instance": null,
          "key": undefined,
          "nodeType": "host",
          "props": Object {
            "children": <h4>
              CREATE A GROUP
</h4>,
            "className": "create-group-heading",
          },
          "ref": null,
          "rendered": Object {
            "instance": null,
            "key": undefined,
            "nodeType": "host",
            "props": Object {
              "children": "CREATE A GROUP",
            },
            "ref": null,
            "rendered": "CREATE A GROUP",
            "type": "h4",
          },
          "type": "div",
        },
        Object {
          "instance": null,
          "key": undefined,
          "nodeType": "host",
          "props": Object {
            "children": Array [
              <div
                className="create-top"
>
                <h5>
                                Let's give your group a name!
                </h5>
                <input
                                className="group-name-input"
                                name="groupName"
                                onChange={[Function]}
                                placeholder="group name"
                                value=""
                />
</div>,
              <h5>
                With SNAP NINJA, your group members get a bucket of snaps each week to give away to deserving teammates.
</h5>,
              <div
                className="create-bottom"
>
                <h5>
                                How many snaps will your group members be able to give away?
                                <span
                                                className="join-span"
                                >
                                                (Between 1 - 500)
                                </span>
                </h5>
                <input
                                className="points-input"
                                name="weeklyPoints"
                                onChange={[Function]}
                                placeholder="QTY"
                                value=""
                />
</div>,
              <div
                className="success-message"
/>,
              <button
                onClick={[Function]}
>
                CREATE
</button>,
            ],
          },
          "ref": null,
          "rendered": Array [
            Object {
              "instance": null,
              "key": undefined,
              "nodeType": "host",
              "props": Object {
                "children": Array [
                  <h5>
                    Let's give your group a name!
</h5>,
                  <input
                    className="group-name-input"
                    name="groupName"
                    onChange={[Function]}
                    placeholder="group name"
                    value=""
/>,
                ],
                "className": "create-top",
              },
              "ref": null,
              "rendered": Array [
                Object {
                  "instance": null,
                  "key": undefined,
                  "nodeType": "host",
                  "props": Object {
                    "children": "Let's give your group a name!",
                  },
                  "ref": null,
                  "rendered": "Let's give your group a name!",
                  "type": "h5",
                },
                Object {
                  "instance": null,
                  "key": undefined,
                  "nodeType": "host",
                  "props": Object {
                    "className": "group-name-input",
                    "name": "groupName",
                    "onChange": [Function],
                    "placeholder": "group name",
                    "value": "",
                  },
                  "ref": null,
                  "rendered": null,
                  "type": "input",
                },
              ],
              "type": "div",
            },
            Object {
              "instance": null,
              "key": undefined,
              "nodeType": "host",
              "props": Object {
                "children": "With SNAP NINJA, your group members get a bucket of snaps each week to give away to deserving teammates.",
              },
              "ref": null,
              "rendered": "With SNAP NINJA, your group members get a bucket of snaps each week to give away to deserving teammates.",
              "type": "h5",
            },
            Object {
              "instance": null,
              "key": undefined,
              "nodeType": "host",
              "props": Object {
                "children": Array [
                  <h5>
                    How many snaps will your group members be able to give away?
                    <span
                                        className="join-span"
                    >
                                        (Between 1 - 500)
                    </span>
</h5>,
                  <input
                    className="points-input"
                    name="weeklyPoints"
                    onChange={[Function]}
                    placeholder="QTY"
                    value=""
/>,
                ],
                "className": "create-bottom",
              },
              "ref": null,
              "rendered": Array [
                Object {
                  "instance": null,
                  "key": undefined,
                  "nodeType": "host",
                  "props": Object {
                    "children": Array [
                      "How many snaps will your group members be able to give away?",
                      <span
                        className="join-span"
>
                        (Between 1 - 500)
</span>,
                    ],
                  },
                  "ref": null,
                  "rendered": Array [
                    "How many snaps will your group members be able to give away?",
                    Object {
                      "instance": null,
                      "key": undefined,
                      "nodeType": "host",
                      "props": Object {
                        "children": "(Between 1 - 500)",
                        "className": "join-span",
                      },
                      "ref": null,
                      "rendered": "(Between 1 - 500)",
                      "type": "span",
                    },
                  ],
                  "type": "h5",
                },
                Object {
                  "instance": null,
                  "key": undefined,
                  "nodeType": "host",
                  "props": Object {
                    "className": "points-input",
                    "name": "weeklyPoints",
                    "onChange": [Function],
                    "placeholder": "QTY",
                    "value": "",
                  },
                  "ref": null,
                  "rendered": null,
                  "type": "input",
                },
              ],
              "type": "div",
            },
            Object {
              "instance": null,
              "key": undefined,
              "nodeType": "host",
              "props": Object {
                "children": "",
                "className": "success-message",
              },
              "ref": null,
              "rendered": "",
              "type": "div",
            },
            Object {
              "instance": null,
              "key": undefined,
              "nodeType": "host",
              "props": Object {
                "children": "CREATE",
                "onClick": [Function],
              },
              "ref": null,
              "rendered": "CREATE",
              "type": "button",
            },
          ],
          "type": "form",
        },
      ],
      "type": "div",
    },
  ],
  Symbol(enzyme.__options__): Object {
    "adapter": ReactSixteenAdapter {
      "options": Object {
        "enableComponentDidUpdateOnSetState": true,
      },
    },
  },
}
`;
