// Jest Snapshot v1, https://goo.gl/fbAQLP

exports[`user data tests should match the snapshot 1`] = `
ShallowWrapper {
  "length": 1,
  Symbol(enzyme.__root__): [Circular],
  Symbol(enzyme.__unrendered__): <Unknown
    user={
        Object {
            "authrocket_id": "usr_0vXWX9jSRkbUjLGsOb9S8r",
            "created_date": "2017-11-18T18:34:30.017Z",
            "email": "cpavin@usopen.com",
            "group_id": 1,
            "name": "Corey Pavin",
            "user_id": 95,
          }
    }
/>,
  Symbol(enzyme.__renderer__): Object {
    "batchedUpdates": [Function],
    "getNode": [Function],
    "render": [Function],
    "simulateEvent": [Function],
    "unmount": [Function],
  },
  Symbol(enzyme.__node__): Object {
    "instance": null,
    "key": undefined,
    "nodeType": "host",
    "props": Object {
      "children": <h4>
        Welcome, 
        Corey Pavin
        !
</h4>,
      "className": "user-data-component",
    },
    "ref": null,
    "rendered": Object {
      "instance": null,
      "key": undefined,
      "nodeType": "host",
      "props": Object {
        "children": Array [
          "Welcome, ",
          "Corey Pavin",
          "!",
        ],
      },
      "ref": null,
      "rendered": Array [
        "Welcome, ",
        "Corey Pavin",
        "!",
      ],
      "type": "h4",
    },
    "type": "div",
  },
  Symbol(enzyme.__nodes__): Array [
    Object {
      "instance": null,
      "key": undefined,
      "nodeType": "host",
      "props": Object {
        "children": <h4>
          Welcome, 
          Corey Pavin
          !
</h4>,
        "className": "user-data-component",
      },
      "ref": null,
      "rendered": Object {
        "instance": null,
        "key": undefined,
        "nodeType": "host",
        "props": Object {
          "children": Array [
            "Welcome, ",
            "Corey Pavin",
            "!",
          ],
        },
        "ref": null,
        "rendered": Array [
          "Welcome, ",
          "Corey Pavin",
          "!",
        ],
        "type": "h4",
      },
      "type": "div",
    },
  ],
  Symbol(enzyme.__options__): Object {
    "adapter": ReactSixteenAdapter {
      "options": Object {
        "enableComponentDidUpdateOnSetState": true,
      },
    },
  },
}
`;
