// Jest Snapshot v1, https://goo.gl/fbAQLP

exports[`group data tests should match the snapshot 1`] = `
ShallowWrapper {
  "length": 1,
  Symbol(enzyme.__root__): [Circular],
  Symbol(enzyme.__unrendered__): <GroupData
    GroupTransactions={
        Array [
            Object {
              "transactions": Array [
                Object {
                  "created_time": 1514939019586,
                  "event_id": 9,
                  "event_time": "2018-01-03T00:23:39.627Z",
                  "group_id": 1,
                  "note": "You totally killed it on your lightning talk this morning!  I loved it.",
                  "point_value": 15,
                  "receive_id": 22,
                  "received_name": "Scott Adams",
                  "send_id": 24,
                  "send_name": "Jim Davis",
                },
                Object {
                  "created_time": 1514939019586,
                  "event_id": 2,
                  "event_time": "2018-01-03T00:23:39.612Z",
                  "group_id": 1,
                  "note": "Thanks!",
                  "point_value": 10,
                  "receive_id": 59,
                  "received_name": "Bo Jackson",
                  "send_id": 43,
                  "send_name": "Deion Sanders",
                },
              ],
            },
          ]
    }
    group={
        Object {
            "administrator_id": 95,
            "created_date": "2017-10-18T18:34:30.017Z",
            "group_id": 1,
            "group_name": "Turing",
            "group_passphrase": "9139z",
            "weekly_points": 100,
          }
    }
/>,
  Symbol(enzyme.__renderer__): Object {
    "batchedUpdates": [Function],
    "getNode": [Function],
    "render": [Function],
    "simulateEvent": [Function],
    "unmount": [Function],
  },
  Symbol(enzyme.__node__): Object {
    "instance": null,
    "key": undefined,
    "nodeType": "host",
    "props": Object {
      "children": Array [
        <h2>
          Turing
</h2>,
        <h3>
          Group points awarded this week: 
          <span
                    className="group-span"
          >
                    25
          </span>
</h3>,
        <h3>
          Total - all time: 
          <span
                    className="group-span"
          >
                    25
          </span>
</h3>,
      ],
      "className": "group-data-component",
    },
    "ref": null,
    "rendered": Array [
      Object {
        "instance": null,
        "key": undefined,
        "nodeType": "host",
        "props": Object {
          "children": "Turing",
        },
        "ref": null,
        "rendered": "Turing",
        "type": "h2",
      },
      Object {
        "instance": null,
        "key": undefined,
        "nodeType": "host",
        "props": Object {
          "children": Array [
            "Group points awarded this week: ",
            <span
              className="group-span"
>
              25
</span>,
          ],
        },
        "ref": null,
        "rendered": Array [
          "Group points awarded this week: ",
          Object {
            "instance": null,
            "key": undefined,
            "nodeType": "host",
            "props": Object {
              "children": 25,
              "className": "group-span",
            },
            "ref": null,
            "rendered": 25,
            "type": "span",
          },
        ],
        "type": "h3",
      },
      Object {
        "instance": null,
        "key": undefined,
        "nodeType": "host",
        "props": Object {
          "children": Array [
            "Total - all time: ",
            <span
              className="group-span"
>
              25
</span>,
          ],
        },
        "ref": null,
        "rendered": Array [
          "Total - all time: ",
          Object {
            "instance": null,
            "key": undefined,
            "nodeType": "host",
            "props": Object {
              "children": 25,
              "className": "group-span",
            },
            "ref": null,
            "rendered": 25,
            "type": "span",
          },
        ],
        "type": "h3",
      },
    ],
    "type": "div",
  },
  Symbol(enzyme.__nodes__): Array [
    Object {
      "instance": null,
      "key": undefined,
      "nodeType": "host",
      "props": Object {
        "children": Array [
          <h2>
            Turing
</h2>,
          <h3>
            Group points awarded this week: 
            <span
                        className="group-span"
            >
                        25
            </span>
</h3>,
          <h3>
            Total - all time: 
            <span
                        className="group-span"
            >
                        25
            </span>
</h3>,
        ],
        "className": "group-data-component",
      },
      "ref": null,
      "rendered": Array [
        Object {
          "instance": null,
          "key": undefined,
          "nodeType": "host",
          "props": Object {
            "children": "Turing",
          },
          "ref": null,
          "rendered": "Turing",
          "type": "h2",
        },
        Object {
          "instance": null,
          "key": undefined,
          "nodeType": "host",
          "props": Object {
            "children": Array [
              "Group points awarded this week: ",
              <span
                className="group-span"
>
                25
</span>,
            ],
          },
          "ref": null,
          "rendered": Array [
            "Group points awarded this week: ",
            Object {
              "instance": null,
              "key": undefined,
              "nodeType": "host",
              "props": Object {
                "children": 25,
                "className": "group-span",
              },
              "ref": null,
              "rendered": 25,
              "type": "span",
            },
          ],
          "type": "h3",
        },
        Object {
          "instance": null,
          "key": undefined,
          "nodeType": "host",
          "props": Object {
            "children": Array [
              "Total - all time: ",
              <span
                className="group-span"
>
                25
</span>,
            ],
          },
          "ref": null,
          "rendered": Array [
            "Total - all time: ",
            Object {
              "instance": null,
              "key": undefined,
              "nodeType": "host",
              "props": Object {
                "children": 25,
                "className": "group-span",
              },
              "ref": null,
              "rendered": 25,
              "type": "span",
            },
          ],
          "type": "h3",
        },
      ],
      "type": "div",
    },
  ],
  Symbol(enzyme.__options__): Object {
    "adapter": ReactSixteenAdapter {
      "options": Object {
        "enableComponentDidUpdateOnSetState": true,
      },
    },
  },
}
`;
