// Jest Snapshot v1, https://goo.gl/fbAQLP

exports[`Transaction component tests should match the snapshot 1`] = `
ShallowWrapper {
  "length": 1,
  Symbol(enzyme.__root__): [Circular],
  Symbol(enzyme.__unrendered__): <Transaction
    Group={
        Object {
            "administrator_id": 957,
            "created_date": "2017-10-18T18:34:30.017Z",
            "group_id": 15,
            "group_name": null,
            "group_passphrase": "19vns",
            "weekly_points": 1000,
          }
    }
    User={
        Object {
            "authrocket_id": "usr_0vXXFrAmpjSWXnr7n2x2m8",
            "created_date": "2017-11-18T18:34:30.017Z",
            "email": "t6r6l5@gmail.com",
            "group_id": "19vns",
            "name": "Thomas Laird",
            "user_id": 20,
          }
    }
    UserList={
        Array [
            Object {
              "name": "Ann",
              "user_id": 1,
            },
            Object {
              "name": "Jen",
              "user_id": 2,
            },
            Object {
              "name": "Tim",
              "user_id": 3,
            },
            Object {
              "name": "Alan",
              "user_id": 4,
            },
          ]
    }
    UserTransactions={
        Array [
            Object {
              "received": Array [],
              "sent": Array [],
            },
          ]
    }
/>,
  Symbol(enzyme.__renderer__): Object {
    "batchedUpdates": [Function],
    "getNode": [Function],
    "render": [Function],
    "simulateEvent": [Function],
    "unmount": [Function],
  },
  Symbol(enzyme.__node__): Object {
    "instance": null,
    "key": undefined,
    "nodeType": "host",
    "props": Object {
      "children": Array [
        <div
          className="current-points"
>
          <div
                    className="remaining-points"
          >
                    <span
                              className="points"
                    >
                              1000
                    </span>
                    <h6>
                              REMAINING
                    </h6>
          </div>
          <div
                    className="divider"
          >
                    <h4>
                              SNAPS
                    </h4>
                    <span>
                              THIS WEEK
                    </span>
          </div>
          <div
                    className="received-points"
          >
                    <span
                              className="points"
                    />
                    <h6>
                              RECEIVED
                    </h6>
          </div>
</div>,
        <div
          className="award-header"
>
          <h4>
                    AWARD
          </h4>
</div>,
        <div
          className="points-block"
>
          <div
                    className="award"
          >
                    <div
                              className="send-input"
                    >
                              <h5
                                        className="send"
                              >
                                        Send
                              </h5>
                              <input
                                        name="points"
                                        onChange={[Function]}
                                        placeholder="QTY"
                                        type="text"
                                        value=""
                              />
                    </div>
                    <div
                              className="recipient-input"
                    >
                              <h5
                                        className="snaps"
                              >
                                        snaps to:
                              </h5>
                              <input
                                        name="recipient"
                                        onChange={[Function]}
                                        onKeyDown={[Function]}
                                        placeholder="find a teammate"
                                        type="text"
                                        value=""
                              />
                              <ul>
                                        
                              </ul>
                    </div>
          </div>
          <textarea
                    className="note-input"
                    name="note"
                    onChange={[Function]}
                    placeholder="add a message"
                    type="text"
                    value=""
          />
          <button
                    onClick={[Function]}
          >
                    SEND
          </button>
          <div
                    className="transaction-message"
          >
                    <h3 />
          </div>
</div>,
      ],
      "className": "Transaction",
    },
    "ref": null,
    "rendered": Array [
      Object {
        "instance": null,
        "key": undefined,
        "nodeType": "host",
        "props": Object {
          "children": Array [
            <div
              className="remaining-points"
>
              <span
                            className="points"
              >
                            1000
              </span>
              <h6>
                            REMAINING
              </h6>
</div>,
            <div
              className="divider"
>
              <h4>
                            SNAPS
              </h4>
              <span>
                            THIS WEEK
              </span>
</div>,
            <div
              className="received-points"
>
              <span
                            className="points"
              />
              <h6>
                            RECEIVED
              </h6>
</div>,
          ],
          "className": "current-points",
        },
        "ref": null,
        "rendered": Array [
          Object {
            "instance": null,
            "key": undefined,
            "nodeType": "host",
            "props": Object {
              "children": Array [
                <span
                  className="points"
>
                  1000
</span>,
                <h6>
                  REMAINING
</h6>,
              ],
              "className": "remaining-points",
            },
            "ref": null,
            "rendered": Array [
              Object {
                "instance": null,
                "key": undefined,
                "nodeType": "host",
                "props": Object {
                  "children": 1000,
                  "className": "points",
                },
                "ref": null,
                "rendered": 1000,
                "type": "span",
              },
              Object {
                "instance": null,
                "key": undefined,
                "nodeType": "host",
                "props": Object {
                  "children": "REMAINING",
                },
                "ref": null,
                "rendered": "REMAINING",
                "type": "h6",
              },
            ],
            "type": "div",
          },
          Object {
            "instance": null,
            "key": undefined,
            "nodeType": "host",
            "props": Object {
              "children": Array [
                <h4>
                  SNAPS
</h4>,
                <span>
                  THIS WEEK
</span>,
              ],
              "className": "divider",
            },
            "ref": null,
            "rendered": Array [
              Object {
                "instance": null,
                "key": undefined,
                "nodeType": "host",
                "props": Object {
                  "children": "SNAPS",
                },
                "ref": null,
                "rendered": "SNAPS",
                "type": "h4",
              },
              Object {
                "instance": null,
                "key": undefined,
                "nodeType": "host",
                "props": Object {
                  "children": "THIS WEEK",
                },
                "ref": null,
                "rendered": "THIS WEEK",
                "type": "span",
              },
            ],
            "type": "div",
          },
          Object {
            "instance": null,
            "key": undefined,
            "nodeType": "host",
            "props": Object {
              "children": Array [
                <span
                  className="points"
/>,
                <h6>
                  RECEIVED
</h6>,
              ],
              "className": "received-points",
            },
            "ref": null,
            "rendered": Array [
              Object {
                "instance": null,
                "key": undefined,
                "nodeType": "host",
                "props": Object {
                  "children": 0,
                  "className": "points",
                },
                "ref": null,
                "rendered": 0,
                "type": "span",
              },
              Object {
                "instance": null,
                "key": undefined,
                "nodeType": "host",
                "props": Object {
                  "children": "RECEIVED",
                },
                "ref": null,
                "rendered": "RECEIVED",
                "type": "h6",
              },
            ],
            "type": "div",
          },
        ],
        "type": "div",
      },
      Object {
        "instance": null,
        "key": undefined,
        "nodeType": "host",
        "props": Object {
          "children": <h4>
            AWARD
</h4>,
          "className": "award-header",
        },
        "ref": null,
        "rendered": Object {
          "instance": null,
          "key": undefined,
          "nodeType": "host",
          "props": Object {
            "children": "AWARD",
          },
          "ref": null,
          "rendered": "AWARD",
          "type": "h4",
        },
        "type": "div",
      },
      Object {
        "instance": null,
        "key": undefined,
        "nodeType": "host",
        "props": Object {
          "children": Array [
            <div
              className="award"
>
              <div
                            className="send-input"
              >
                            <h5
                                          className="send"
                            >
                                          Send
                            </h5>
                            <input
                                          name="points"
                                          onChange={[Function]}
                                          placeholder="QTY"
                                          type="text"
                                          value=""
                            />
              </div>
              <div
                            className="recipient-input"
              >
                            <h5
                                          className="snaps"
                            >
                                          snaps to:
                            </h5>
                            <input
                                          name="recipient"
                                          onChange={[Function]}
                                          onKeyDown={[Function]}
                                          placeholder="find a teammate"
                                          type="text"
                                          value=""
                            />
                            <ul>
                                          
                            </ul>
              </div>
</div>,
            <textarea
              className="note-input"
              name="note"
              onChange={[Function]}
              placeholder="add a message"
              type="text"
              value=""
/>,
            <button
              onClick={[Function]}
>
              SEND
</button>,
            <div
              className="transaction-message"
>
              <h3 />
</div>,
          ],
          "className": "points-block",
        },
        "ref": null,
        "rendered": Array [
          Object {
            "instance": null,
            "key": undefined,
            "nodeType": "host",
            "props": Object {
              "children": Array [
                <div
                  className="send-input"
>
                  <h5
                                    className="send"
                  >
                                    Send
                  </h5>
                  <input
                                    name="points"
                                    onChange={[Function]}
                                    placeholder="QTY"
                                    type="text"
                                    value=""
                  />
</div>,
                <div
                  className="recipient-input"
>
                  <h5
                                    className="snaps"
                  >
                                    snaps to:
                  </h5>
                  <input
                                    name="recipient"
                                    onChange={[Function]}
                                    onKeyDown={[Function]}
                                    placeholder="find a teammate"
                                    type="text"
                                    value=""
                  />
                  <ul>
                                    
                  </ul>
</div>,
              ],
              "className": "award",
            },
            "ref": null,
            "rendered": Array [
              Object {
                "instance": null,
                "key": undefined,
                "nodeType": "host",
                "props": Object {
                  "children": Array [
                    <h5
                      className="send"
>
                      Send
</h5>,
                    <input
                      name="points"
                      onChange={[Function]}
                      placeholder="QTY"
                      type="text"
                      value=""
/>,
                  ],
                  "className": "send-input",
                },
                "ref": null,
                "rendered": Array [
                  Object {
                    "instance": null,
                    "key": undefined,
                    "nodeType": "host",
                    "props": Object {
                      "children": "Send",
                      "className": "send",
                    },
                    "ref": null,
                    "rendered": "Send",
                    "type": "h5",
                  },
                  Object {
                    "instance": null,
                    "key": undefined,
                    "nodeType": "host",
                    "props": Object {
                      "name": "points",
                      "onChange": [Function],
                      "placeholder": "QTY",
                      "type": "text",
                      "value": "",
                    },
                    "ref": null,
                    "rendered": null,
                    "type": "input",
                  },
                ],
                "type": "div",
              },
              Object {
                "instance": null,
                "key": undefined,
                "nodeType": "host",
                "props": Object {
                  "children": Array [
                    <h5
                      className="snaps"
>
                      snaps to:
</h5>,
                    <input
                      name="recipient"
                      onChange={[Function]}
                      onKeyDown={[Function]}
                      placeholder="find a teammate"
                      type="text"
                      value=""
/>,
                    <ul>
                      
</ul>,
                  ],
                  "className": "recipient-input",
                },
                "ref": null,
                "rendered": Array [
                  Object {
                    "instance": null,
                    "key": undefined,
                    "nodeType": "host",
                    "props": Object {
                      "children": "snaps to:",
                      "className": "snaps",
                    },
                    "ref": null,
                    "rendered": "snaps to:",
                    "type": "h5",
                  },
                  Object {
                    "instance": null,
                    "key": undefined,
                    "nodeType": "host",
                    "props": Object {
                      "name": "recipient",
                      "onChange": [Function],
                      "onKeyDown": [Function],
                      "placeholder": "find a teammate",
                      "type": "text",
                      "value": "",
                    },
                    "ref": null,
                    "rendered": null,
                    "type": "input",
                  },
                  Object {
                    "instance": null,
                    "key": undefined,
                    "nodeType": "host",
                    "props": Object {
                      "children": Array [],
                    },
                    "ref": null,
                    "rendered": Array [],
                    "type": "ul",
                  },
                ],
                "type": "div",
              },
            ],
            "type": "div",
          },
          Object {
            "instance": null,
            "key": undefined,
            "nodeType": "host",
            "props": Object {
              "className": "note-input",
              "name": "note",
              "onChange": [Function],
              "placeholder": "add a message",
              "type": "text",
              "value": "",
            },
            "ref": null,
            "rendered": null,
            "type": "textarea",
          },
          Object {
            "instance": null,
            "key": undefined,
            "nodeType": "host",
            "props": Object {
              "children": "SEND",
              "onClick": [Function],
            },
            "ref": null,
            "rendered": "SEND",
            "type": "button",
          },
          Object {
            "instance": null,
            "key": undefined,
            "nodeType": "host",
            "props": Object {
              "children": <h3 />,
              "className": "transaction-message",
            },
            "ref": null,
            "rendered": Object {
              "instance": null,
              "key": undefined,
              "nodeType": "host",
              "props": Object {
                "children": null,
              },
              "ref": null,
              "rendered": null,
              "type": "h3",
            },
            "type": "div",
          },
        ],
        "type": "div",
      },
    ],
    "type": "div",
  },
  Symbol(enzyme.__nodes__): Array [
    Object {
      "instance": null,
      "key": undefined,
      "nodeType": "host",
      "props": Object {
        "children": Array [
          <div
            className="current-points"
>
            <div
                        className="remaining-points"
            >
                        <span
                                    className="points"
                        >
                                    1000
                        </span>
                        <h6>
                                    REMAINING
                        </h6>
            </div>
            <div
                        className="divider"
            >
                        <h4>
                                    SNAPS
                        </h4>
                        <span>
                                    THIS WEEK
                        </span>
            </div>
            <div
                        className="received-points"
            >
                        <span
                                    className="points"
                        />
                        <h6>
                                    RECEIVED
                        </h6>
            </div>
</div>,
          <div
            className="award-header"
>
            <h4>
                        AWARD
            </h4>
</div>,
          <div
            className="points-block"
>
            <div
                        className="award"
            >
                        <div
                                    className="send-input"
                        >
                                    <h5
                                                className="send"
                                    >
                                                Send
                                    </h5>
                                    <input
                                                name="points"
                                                onChange={[Function]}
                                                placeholder="QTY"
                                                type="text"
                                                value=""
                                    />
                        </div>
                        <div
                                    className="recipient-input"
                        >
                                    <h5
                                                className="snaps"
                                    >
                                                snaps to:
                                    </h5>
                                    <input
                                                name="recipient"
                                                onChange={[Function]}
                                                onKeyDown={[Function]}
                                                placeholder="find a teammate"
                                                type="text"
                                                value=""
                                    />
                                    <ul>
                                                
                                    </ul>
                        </div>
            </div>
            <textarea
                        className="note-input"
                        name="note"
                        onChange={[Function]}
                        placeholder="add a message"
                        type="text"
                        value=""
            />
            <button
                        onClick={[Function]}
            >
                        SEND
            </button>
            <div
                        className="transaction-message"
            >
                        <h3 />
            </div>
</div>,
        ],
        "className": "Transaction",
      },
      "ref": null,
      "rendered": Array [
        Object {
          "instance": null,
          "key": undefined,
          "nodeType": "host",
          "props": Object {
            "children": Array [
              <div
                className="remaining-points"
>
                <span
                                className="points"
                >
                                1000
                </span>
                <h6>
                                REMAINING
                </h6>
</div>,
              <div
                className="divider"
>
                <h4>
                                SNAPS
                </h4>
                <span>
                                THIS WEEK
                </span>
</div>,
              <div
                className="received-points"
>
                <span
                                className="points"
                />
                <h6>
                                RECEIVED
                </h6>
</div>,
            ],
            "className": "current-points",
          },
          "ref": null,
          "rendered": Array [
            Object {
              "instance": null,
              "key": undefined,
              "nodeType": "host",
              "props": Object {
                "children": Array [
                  <span
                    className="points"
>
                    1000
</span>,
                  <h6>
                    REMAINING
</h6>,
                ],
                "className": "remaining-points",
              },
              "ref": null,
              "rendered": Array [
                Object {
                  "instance": null,
                  "key": undefined,
                  "nodeType": "host",
                  "props": Object {
                    "children": 1000,
                    "className": "points",
                  },
                  "ref": null,
                  "rendered": 1000,
                  "type": "span",
                },
                Object {
                  "instance": null,
                  "key": undefined,
                  "nodeType": "host",
                  "props": Object {
                    "children": "REMAINING",
                  },
                  "ref": null,
                  "rendered": "REMAINING",
                  "type": "h6",
                },
              ],
              "type": "div",
            },
            Object {
              "instance": null,
              "key": undefined,
              "nodeType": "host",
              "props": Object {
                "children": Array [
                  <h4>
                    SNAPS
</h4>,
                  <span>
                    THIS WEEK
</span>,
                ],
                "className": "divider",
              },
              "ref": null,
              "rendered": Array [
                Object {
                  "instance": null,
                  "key": undefined,
                  "nodeType": "host",
                  "props": Object {
                    "children": "SNAPS",
                  },
                  "ref": null,
                  "rendered": "SNAPS",
                  "type": "h4",
                },
                Object {
                  "instance": null,
                  "key": undefined,
                  "nodeType": "host",
                  "props": Object {
                    "children": "THIS WEEK",
                  },
                  "ref": null,
                  "rendered": "THIS WEEK",
                  "type": "span",
                },
              ],
              "type": "div",
            },
            Object {
              "instance": null,
              "key": undefined,
              "nodeType": "host",
              "props": Object {
                "children": Array [
                  <span
                    className="points"
/>,
                  <h6>
                    RECEIVED
</h6>,
                ],
                "className": "received-points",
              },
              "ref": null,
              "rendered": Array [
                Object {
                  "instance": null,
                  "key": undefined,
                  "nodeType": "host",
                  "props": Object {
                    "children": 0,
                    "className": "points",
                  },
                  "ref": null,
                  "rendered": 0,
                  "type": "span",
                },
                Object {
                  "instance": null,
                  "key": undefined,
                  "nodeType": "host",
                  "props": Object {
                    "children": "RECEIVED",
                  },
                  "ref": null,
                  "rendered": "RECEIVED",
                  "type": "h6",
                },
              ],
              "type": "div",
            },
          ],
          "type": "div",
        },
        Object {
          "instance": null,
          "key": undefined,
          "nodeType": "host",
          "props": Object {
            "children": <h4>
              AWARD
</h4>,
            "className": "award-header",
          },
          "ref": null,
          "rendered": Object {
            "instance": null,
            "key": undefined,
            "nodeType": "host",
            "props": Object {
              "children": "AWARD",
            },
            "ref": null,
            "rendered": "AWARD",
            "type": "h4",
          },
          "type": "div",
        },
        Object {
          "instance": null,
          "key": undefined,
          "nodeType": "host",
          "props": Object {
            "children": Array [
              <div
                className="award"
>
                <div
                                className="send-input"
                >
                                <h5
                                                className="send"
                                >
                                                Send
                                </h5>
                                <input
                                                name="points"
                                                onChange={[Function]}
                                                placeholder="QTY"
                                                type="text"
                                                value=""
                                />
                </div>
                <div
                                className="recipient-input"
                >
                                <h5
                                                className="snaps"
                                >
                                                snaps to:
                                </h5>
                                <input
                                                name="recipient"
                                                onChange={[Function]}
                                                onKeyDown={[Function]}
                                                placeholder="find a teammate"
                                                type="text"
                                                value=""
                                />
                                <ul>
                                                
                                </ul>
                </div>
</div>,
              <textarea
                className="note-input"
                name="note"
                onChange={[Function]}
                placeholder="add a message"
                type="text"
                value=""
/>,
              <button
                onClick={[Function]}
>
                SEND
</button>,
              <div
                className="transaction-message"
>
                <h3 />
</div>,
            ],
            "className": "points-block",
          },
          "ref": null,
          "rendered": Array [
            Object {
              "instance": null,
              "key": undefined,
              "nodeType": "host",
              "props": Object {
                "children": Array [
                  <div
                    className="send-input"
>
                    <h5
                                        className="send"
                    >
                                        Send
                    </h5>
                    <input
                                        name="points"
                                        onChange={[Function]}
                                        placeholder="QTY"
                                        type="text"
                                        value=""
                    />
</div>,
                  <div
                    className="recipient-input"
>
                    <h5
                                        className="snaps"
                    >
                                        snaps to:
                    </h5>
                    <input
                                        name="recipient"
                                        onChange={[Function]}
                                        onKeyDown={[Function]}
                                        placeholder="find a teammate"
                                        type="text"
                                        value=""
                    />
                    <ul>
                                        
                    </ul>
</div>,
                ],
                "className": "award",
              },
              "ref": null,
              "rendered": Array [
                Object {
                  "instance": null,
                  "key": undefined,
                  "nodeType": "host",
                  "props": Object {
                    "children": Array [
                      <h5
                        className="send"
>
                        Send
</h5>,
                      <input
                        name="points"
                        onChange={[Function]}
                        placeholder="QTY"
                        type="text"
                        value=""
/>,
                    ],
                    "className": "send-input",
                  },
                  "ref": null,
                  "rendered": Array [
                    Object {
                      "instance": null,
                      "key": undefined,
                      "nodeType": "host",
                      "props": Object {
                        "children": "Send",
                        "className": "send",
                      },
                      "ref": null,
                      "rendered": "Send",
                      "type": "h5",
                    },
                    Object {
                      "instance": null,
                      "key": undefined,
                      "nodeType": "host",
                      "props": Object {
                        "name": "points",
                        "onChange": [Function],
                        "placeholder": "QTY",
                        "type": "text",
                        "value": "",
                      },
                      "ref": null,
                      "rendered": null,
                      "type": "input",
                    },
                  ],
                  "type": "div",
                },
                Object {
                  "instance": null,
                  "key": undefined,
                  "nodeType": "host",
                  "props": Object {
                    "children": Array [
                      <h5
                        className="snaps"
>
                        snaps to:
</h5>,
                      <input
                        name="recipient"
                        onChange={[Function]}
                        onKeyDown={[Function]}
                        placeholder="find a teammate"
                        type="text"
                        value=""
/>,
                      <ul>
                        
</ul>,
                    ],
                    "className": "recipient-input",
                  },
                  "ref": null,
                  "rendered": Array [
                    Object {
                      "instance": null,
                      "key": undefined,
                      "nodeType": "host",
                      "props": Object {
                        "children": "snaps to:",
                        "className": "snaps",
                      },
                      "ref": null,
                      "rendered": "snaps to:",
                      "type": "h5",
                    },
                    Object {
                      "instance": null,
                      "key": undefined,
                      "nodeType": "host",
                      "props": Object {
                        "name": "recipient",
                        "onChange": [Function],
                        "onKeyDown": [Function],
                        "placeholder": "find a teammate",
                        "type": "text",
                        "value": "",
                      },
                      "ref": null,
                      "rendered": null,
                      "type": "input",
                    },
                    Object {
                      "instance": null,
                      "key": undefined,
                      "nodeType": "host",
                      "props": Object {
                        "children": Array [],
                      },
                      "ref": null,
                      "rendered": Array [],
                      "type": "ul",
                    },
                  ],
                  "type": "div",
                },
              ],
              "type": "div",
            },
            Object {
              "instance": null,
              "key": undefined,
              "nodeType": "host",
              "props": Object {
                "className": "note-input",
                "name": "note",
                "onChange": [Function],
                "placeholder": "add a message",
                "type": "text",
                "value": "",
              },
              "ref": null,
              "rendered": null,
              "type": "textarea",
            },
            Object {
              "instance": null,
              "key": undefined,
              "nodeType": "host",
              "props": Object {
                "children": "SEND",
                "onClick": [Function],
              },
              "ref": null,
              "rendered": "SEND",
              "type": "button",
            },
            Object {
              "instance": null,
              "key": undefined,
              "nodeType": "host",
              "props": Object {
                "children": <h3 />,
                "className": "transaction-message",
              },
              "ref": null,
              "rendered": Object {
                "instance": null,
                "key": undefined,
                "nodeType": "host",
                "props": Object {
                  "children": null,
                },
                "ref": null,
                "rendered": null,
                "type": "h3",
              },
              "type": "div",
            },
          ],
          "type": "div",
        },
      ],
      "type": "div",
    },
  ],
  Symbol(enzyme.__options__): Object {
    "adapter": ReactSixteenAdapter {
      "options": Object {
        "enableComponentDidUpdateOnSetState": true,
      },
    },
  },
}
`;
